// Jest Snapshot v1, https://goo.gl/fbAQLP

exports[`<BaremetalHostRole /> renders a role for host 1`] = `"worker"`;
