// Jest Snapshot v1, https://goo.gl/fbAQLP

exports[`<NewVmWizard /> renders correctly 1`] = `
<Fragment>
  <Wizard
    className=""
    dialogClassName=""
    onClose={[Function]}
    onExited={[Function]}
    onHide={[Function]}
    show={true}
  >
    <WizardHeader
      onClose={[Function]}
      title="Create Virtual Machine"
    />
    <WizardBody
      className=""
    >
      <WizardRow
        className=""
      >
        <WizardMain
          className=""
        >
          <WizardContents
            activeStepIndex={0}
            activeSubStepIndex={null}
            className="wizard-content"
            stepIndex={0}
            subStepIndex={null}
          >
            <ButtonWithIcon
              icon="virtual-machine"
              iconType="pf"
              label="Create New Virtual Machine"
              onClick={[Function]}
            />
            <ButtonWithIcon
              icon="import"
              iconType="pf"
              label="Import Existing Virtual Machine"
              onClick={[Function]}
            />
          </WizardContents>
        </WizardMain>
      </WizardRow>
    </WizardBody>
    <WizardFooter
      className=""
    >
      <Button
        active={false}
        block={false}
        bsClass="btn"
        bsStyle="default"
        className="btn-cancel"
        disabled={false}
        onClick={[Function]}
      >
        Cancel
      </Button>
    </WizardFooter>
  </Wizard>
</Fragment>
`;
