// Jest Snapshot v1, https://goo.gl/fbAQLP

exports[`<StorageTab /> renders correctly 1`] = `
<Fragment>
  <TableFactory
    actionButtons={
      Array [
        Object {
          "className": "kubevirt-create-vm-wizard__button-create-disk",
          "disabled": false,
          "id": "create-storage-btn",
          "onClick": [Function],
          "text": "Create Disk",
        },
        Object {
          "className": "kubevirt-create-vm-wizard__button-attach-disk",
          "disabled": false,
          "id": "attach-disk-btn",
          "onClick": [Function],
          "text": "Attach Disk",
        },
      ]
    }
    columns={
      Array [
        Object {
          "header": Object {
            "label": "Disk Name",
            "props": Object {
              "style": Object {
                "width": "50%",
              },
            },
          },
          "property": "name",
          "renderConfigs": Array [
            Object {
              "id": "name-edit",
              "type": "text",
            },
            Object {
              "choices": Array [
                "disk-one",
                "disk-three",
              ],
              "id": "name-attach-edit",
              "initialValue": "--- Select Storage ---",
              "type": "dropdown",
            },
            Object {
              "id": "name-edit",
              "type": "text",
            },
            Object {
              "id": "name-edit",
              "type": "text",
            },
            Object {
              "id": "name-edit",
              "type": "text",
            },
          ],
        },
        Object {
          "header": Object {
            "label": "Size (GB)",
            "props": Object {
              "style": Object {
                "width": "23%",
              },
            },
          },
          "property": "size",
          "renderConfigs": Array [
            Object {
              "id": "size-edit",
              "type": "positive-number",
            },
            undefined,
            undefined,
            undefined,
            Object {
              "id": "size-edit",
              "type": "positive-number",
            },
          ],
        },
        Object {
          "header": Object {
            "label": "Storage Class",
            "props": Object {
              "style": Object {
                "width": "23%",
              },
            },
          },
          "property": "storageClass",
          "renderConfigs": Array [
            Object {
              "choices": Array [
                "nfs",
                "iscsi",
                "glusterfs",
                "azuredisk",
              ],
              "id": "storage-edit",
              "initialValue": "--- Select ---",
              "type": "dropdown",
            },
            undefined,
            undefined,
            undefined,
            Object {
              "choices": Array [
                "nfs",
                "iscsi",
                "glusterfs",
                "azuredisk",
              ],
              "id": "storage-edit",
              "initialValue": "--- Select ---",
              "type": "dropdown",
            },
          ],
        },
        Object {
          "header": Object {
            "props": Object {
              "style": Object {
                "width": "4%",
              },
            },
          },
          "renderConfigs": Array [
            Object {
              "actions": Array [
                Object {
                  "actionType": "delete",
                  "text": "Remove Disk",
                },
              ],
              "id": "actions",
              "type": "actions",
              "visibleOnEdit": false,
            },
            Object {
              "actions": Array [
                Object {
                  "actionType": "delete",
                  "text": "Remove Disk",
                },
              ],
              "id": "actions",
              "type": "actions",
              "visibleOnEdit": false,
            },
            Object {
              "actions": Array [
                Object {
                  "actionType": "delete",
                  "text": "Remove Disk",
                },
              ],
              "id": "actions",
              "type": "actions",
              "visibleOnEdit": false,
            },
          ],
        },
      ]
    }
    onRowActivate={[Function]}
    onRowDeleteOrMove={[Function]}
    onRowUpdate={[Function]}
    rows={Array []}
  />
  <FormFactory
    controlSize={10}
    fields={
      Object {
        "bootableDisk": Object {
          "choices": Array [],
          "defaultValue": "--- Select Bootable Disk ---",
          "disabled": true,
          "id": "bootable-disk-dropdown",
          "required": true,
          "title": "Bootable Disk",
          "type": "dropdown",
        },
      }
    }
    fieldsValues={
      Object {
        "bootableDisk": Object {
          "validation": Object {
            "message": "A bootable disk could not be found",
            "type": "error",
          },
          "value": undefined,
        },
      }
    }
    formClassName="kubevirt-create-vm-wizard__pxe-form"
    labelSize={2}
    onFormChange={[Function]}
    textPosition="text-left"
  />
</Fragment>
`;
