// Jest Snapshot v1, https://goo.gl/fbAQLP

exports[`<Dashboard /> API renders correctly 1`] = `
<Dashboard>
  <div>
    <DashboardBody
      className={null}
    >
      <div
        className="kubevirt-dashboard__body"
      >
        <DashboardCard
          className={null}
        >
          <Card
            accented={false}
            aggregated={false}
            aggregatedMini={false}
            cardRef={null}
            className="kubevirt-dashboard__card"
            matchHeight={false}
          >
            <div
              className="card-pf kubevirt-dashboard__card"
            >
              <DashboardCardHeader
                className={null}
              >
                <CardHeading
                  className="kubevirt-dashboard__card-heading"
                >
                  <div
                    className="card-pf-heading kubevirt-dashboard__card-heading"
                  >
                    <DashboardCardTitle
                      className={null}
                    >
                      <CardTitle
                        className="kubevirt-dashboard__card-title"
                      >
                        <h2
                          className="card-pf-title kubevirt-dashboard__card-title"
                        >
                          Red Card
                        </h2>
                      </CardTitle>
                    </DashboardCardTitle>
                    <DashboardCardTitleHelp>
                      <OverlayTrigger
                        defaultOverlayShown={false}
                        overlay={
                          <Popover
                            bsClass="popover"
                            id="popover"
                            placement="right"
                          >
                            Red Card help
                          </Popover>
                        }
                        placement="top"
                        rootClose={true}
                        trigger={
                          Array [
                            "click",
                          ]
                        }
                      >
                        <Button
                          active={false}
                          block={false}
                          bsClass="btn"
                          bsStyle="link"
                          disabled={false}
                          onClick={[Function]}
                        >
                          <button
                            className="btn btn-link"
                            disabled={false}
                            onClick={[Function]}
                            type="button"
                          >
                            <Icon
                              className="kubevirt-dashboard__icon-sm kubevirt-dashboard__heading-icon--info"
                              name="info-circle"
                              type="fa"
                            >
                              <FontAwesome
                                className="kubevirt-dashboard__icon-sm kubevirt-dashboard__heading-icon--info"
                                name="info-circle"
                              >
                                <span
                                  aria-hidden={true}
                                  className="fa fa-info-circle kubevirt-dashboard__icon-sm kubevirt-dashboard__heading-icon--info"
                                />
                              </FontAwesome>
                            </Icon>
                          </button>
                        </Button>
                      </OverlayTrigger>
                    </DashboardCardTitleHelp>
                  </div>
                </CardHeading>
              </DashboardCardHeader>
              <DashboardCardBody
                LoadingComponent={[Function]}
                isLoading={true}
              >
                <CardBody
                  className=""
                >
                  <div
                    className="card-pf-body"
                  >
                    <Loading
                      text="Loading"
                    >
                      <div
                        className="blank-slate-pf"
                        key="progress"
                      >
                        <div
                          className="spinner spinner-lg blank-slate-pf-icon"
                        />
                        <h3
                          className="blank-slate-pf-main-action"
                        >
                          Loading
                        </h3>
                      </div>
                    </Loading>
                  </div>
                </CardBody>
              </DashboardCardBody>
            </div>
          </Card>
        </DashboardCard>
        <DashboardCard
          className={null}
        >
          <Card
            accented={false}
            aggregated={false}
            aggregatedMini={false}
            cardRef={null}
            className="kubevirt-dashboard__card"
            matchHeight={false}
          >
            <div
              className="card-pf kubevirt-dashboard__card"
            >
              <DashboardCardHeader
                className={null}
              >
                <CardHeading
                  className="kubevirt-dashboard__card-heading"
                >
                  <div
                    className="card-pf-heading kubevirt-dashboard__card-heading"
                  >
                    <DashboardCardTitle
                      className={null}
                    >
                      <CardTitle
                        className="kubevirt-dashboard__card-title"
                      >
                        <h2
                          className="card-pf-title kubevirt-dashboard__card-title"
                        >
                          Blue Card
                        </h2>
                      </CardTitle>
                    </DashboardCardTitle>
                  </div>
                </CardHeading>
              </DashboardCardHeader>
              <DashboardCardBody
                LoadingComponent={[Function]}
                isLoading={false}
              >
                <CardBody
                  className=""
                >
                  <div
                    className="card-pf-body"
                  >
                    Blue card content
                  </div>
                </CardBody>
              </DashboardCardBody>
            </div>
          </Card>
        </DashboardCard>
      </div>
    </DashboardBody>
  </div>
</Dashboard>
`;
