// Jest Snapshot v1, https://goo.gl/fbAQLP

exports[`<VMWareObjectStatus /> renders correctly 1`] = `
<VMWareObjectStatus
  status={null}
>
  <ConnectionUnknown>
    <VMwareStatusField
      id={null}
    >
      <div
        className="kubevirt-create-vm-wizard__import-vmware-connection-status"
        id={null}
      >
        Status unknown
      </div>
    </VMwareStatusField>
  </ConnectionUnknown>
</VMWareObjectStatus>
`;
