// Jest Snapshot v1, https://goo.gl/fbAQLP

exports[`<Events /> renders correctly 1`] = `
<div
  class="card-pf kubevirt-dashboard__card"
>
  <div
    class="card-pf-heading kubevirt-dashboard__card-heading"
  >
    <h2
      class="card-pf-title"
    >
      Cluster Events
    </h2>
    <button
      class="btn btn-link"
      type="button"
    >
      <span
        aria-hidden="true"
        class="fa fa-info-circle fa-2x"
      />
    </button>
  </div>
  <div
    class="card-pf-body kubevirt-events__body"
    id="events-body"
  >
    <div>
      Requires component from tectonic
    </div>
  </div>
</div>
`;
