// Jest Snapshot v1, https://goo.gl/fbAQLP

exports[`<InlineEdit /> renders correctly 1`] = `
<div>
  inline edit
</div>
`;
