// Jest Snapshot v1, https://goo.gl/fbAQLP

exports[`<TextAreaControl /> renders correctly 1`] = `
<FormControl
  bsClass="form-control"
  componentClass="textarea"
  onChange={[Function]}
  value="val"
/>
`;
