// Jest Snapshot v1, https://goo.gl/fbAQLP

exports[`<InlineEditRow /> renders correctly 1`] = `
<TableInlineEditRow
  buttonsClassName=""
  buttonsPosition={[Function]}
  isEditing={[Function]}
  last={false}
  messages={
    Object {
      "cancelButtonLabel": "Cancel",
      "confirmButtonLabel": "Save",
    }
  }
  onCancel={[Function]}
  onConfirm={[Function]}
  testProp="testProp"
/>
`;
